// Jest Snapshot v1, https://goo.gl/fbAQLP

exports[`mediaQuery exposes media queries generated from breakpoints 1`] = `
Object {
  "aboveLarge": "@media screen and (min-width: 1480px)",
  "aboveMedium": "@media screen and (min-width: 820px)",
  "aboveSmall": "@media screen and (min-width: 480px)",
}
`;
