// Jest Snapshot v1, https://goo.gl/fbAQLP

exports[`Branding Asset exports every Branding Asset asset 1`] = `
Object {
  "DataCampLogo": [Function],
  "DataCampLogoTag": [Function],
  "DataCampLogomark": [Function],
  "DataCampLogomarkTag": [Function],
}
`;
