// Jest Snapshot v1, https://goo.gl/fbAQLP

exports[`mediaQuery exposes media queries generated from breakpoints 1`] = `
Object {
  "large": "@media screen and (min-width: 1480px)",
  "medium": "@media screen and (min-width: 820px)",
  "small": "@media screen and (min-width: 480px)",
}
`;
