// Jest Snapshot v1, https://goo.gl/fbAQLP

exports[`Overlay renders snapshot when is not visible 1`] = `
@keyframes animation-0 {
  from {
    opacity: 1;
  }

  to {
    opacity: 0;
  }
}

.emotion-0 {
  position: fixed;
  top: 0;
  left: 0;
  width: 100%;
  height: 100vh;
  background-color: rgba(5, 25, 45, 0.6);
  z-index: 8000;
  touch-action: none;
  opacity: 0;
  -webkit-animation: animation-0 200ms ease-out forwards;
  animation: animation-0 200ms ease-out forwards;
}

<div
  class="emotion-0"
/>
`;

exports[`Overlay renders snapshot when is visible 1`] = `
@keyframes animation-0 {
  from {
    opacity: 0;
  }

  to {
    opacity: 1;
  }
}

.emotion-0 {
  position: fixed;
  top: 0;
  left: 0;
  width: 100%;
  height: 100vh;
  background-color: rgba(5, 25, 45, 0.6);
  z-index: 8000;
  touch-action: none;
  opacity: 0;
  -webkit-animation: animation-0 200ms ease-out forwards;
  animation: animation-0 200ms ease-out forwards;
}

<div
  class="emotion-0"
/>
`;
