// Jest Snapshot v1, https://goo.gl/fbAQLP

exports[`Text renders snapshot 1`] = `
.emotion-0 {
  color: #05192D;
  font-family: Studio-Feixen-Sans,Arial,sans-serif;
  font-size: 14px;
  font-weight: 400;
  line-height: 1;
  margin: 0;
  padding: 0;
}

<span
  class="emotion-0"
>
  Definitely not Taylor Swift
</span>
`;
